\BOOKMARK [1][-]{section.1}{Introduction}{}% 1
\BOOKMARK [2][-]{subsection.1.1}{Code}{section.1}% 2
\BOOKMARK [2][-]{subsection.1.2}{Quotes and boxes}{section.1}% 3
\BOOKMARK [2][-]{subsection.1.3}{Admonitions}{section.1}% 4
\BOOKMARK [2][-]{subsection.1.4}{Going deeper environments}{section.1}% 5
\BOOKMARK [2][-]{subsection.1.5}{The end}{section.1}% 6
