\BOOKMARK [1][-]{section.1}{Test of equation environments}{}% 1
\BOOKMARK [2][-]{subsection.1.1}{Test 1: Inline math}{section.1}% 2
\BOOKMARK [2][-]{subsection.1.2}{Test 2: A single equation with label}{section.1}% 3
\BOOKMARK [2][-]{subsection.1.3}{Test 3: Multiple, aligned equations without label and number}{section.1}% 4
\BOOKMARK [2][-]{subsection.1.4}{Test 4: Multiple, aligned equations with label}{section.1}% 5
\BOOKMARK [2][-]{subsection.1.5}{Test 5: Multiple, aligned equations without label}{section.1}% 6
\BOOKMARK [2][-]{subsection.1.6}{Test 6: Multiple, aligned equations with multiple alignments}{section.1}% 7
\BOOKMARK [2][-]{subsection.1.7}{Test 7: Multiple, aligned eqnarray equations without label}{section.1}% 8
\BOOKMARK [2][-]{subsection.1.8}{Test 8: Multiple, eqnarrayed equations with label}{section.1}% 9
\BOOKMARK [2][-]{subsection.1.9}{Test 9: The multiline environment with label and number}{section.1}% 10
\BOOKMARK [2][-]{subsection.1.10}{Test 10: Splitting equations using a split environment}{section.1}% 11
\BOOKMARK [2][-]{subsection.1.11}{Test 11: Newcommands and boldface bm vs pmb}{section.1}% 12
\BOOKMARK [1][-]{section.2}{Problematic equations}{}% 13
\BOOKMARK [2][-]{subsection.2.1}{Colored terms in equations}{section.2}% 14
\BOOKMARK [2][-]{subsection.2.2}{Bar over symbols}{section.2}% 15
\BOOKMARK [2][-]{subsection.2.3}{Matrix formulas}{section.2}% 16
