------------------- File: tmp_copyright.tex

\fancyfoot[C]{{\footnotesize \copyright\ 2021, Hans Petter Langtangen, Simula, Kaare Dump. Made with \href{https://github.com/doconce/doconce}{DocOnce}}}
\fancyfoot[C]{{\footnotesize \copyright\ 2021, Hans Petter Langtangen, Simula, Kaare Dump. Made with \href{https://github.com/doconce/doconce}{DocOnce}}}
------------------- File: tmp_copyright.tex

\fancyfoot[C]{{\footnotesize \copyright\ 2021, Hans Petter Langtangen, Simula, Kaare Dump. \\ Released under CC Attribution 4.0 license. Made with \href{https://github.com/doconce/doconce}{DocOnce}}}
\fancyfoot[C]{{\footnotesize \copyright\ 2021, Hans Petter Langtangen, Simula, Kaare Dump. \\ Released under CC Attribution 4.0 license. Made with \href{https://github.com/doconce/doconce}{DocOnce}}}
------------------- File: tmp_copyright.tex

\fancyfoot[C]{{\footnotesize \copyright\ 2021, Hans Petter Langtangen, Simula, Kaare Dump. \\ Released under CC Attribution-NonCommercial 4.0 license. Made with \href{https://github.com/doconce/doconce}{DocOnce}}}
\fancyfoot[C]{{\footnotesize \copyright\ 2021, Hans Petter Langtangen, Simula, Kaare Dump. \\ Released under CC Attribution-NonCommercial 4.0 license. Made with \href{https://github.com/doconce/doconce}{DocOnce}}}
------------------- File: tmp_copyright.tex

\fancyfoot[C]{{\footnotesize \copyright\ 2021, Hans Petter Langtangen, Simula, Kaare Dump. \\ Released under the MIT license.. Made with \href{https://github.com/doconce/doconce}{DocOnce}}}
\fancyfoot[C]{{\footnotesize \copyright\ 2021, Hans Petter Langtangen, Simula, Kaare Dump. \\ Released under the MIT license.. Made with \href{https://github.com/doconce/doconce}{DocOnce}}}
------------------- File: tmp_sphinx-rootdir1/conf.py

copyright = '2021, Test'
------------------- File: tmp_sphinx-rootdir2/conf.py

copyright = '2021, Test'
------------------- File: tmp_sphinx-rootdir3/conf.py

copyright = '2021, Test'
------------------- File: tmp_sphinx-rootdir4/conf.py

copyright = '2021, Test'
------------------- File: tmp_copyright1.html

&copy; 2021, Hans Petter Langtangen, Simula, Kaare Dump. Made with <a href="https://github.com/doconce/doconce">DocOnce</a>
------------------- File: ._tmp_copyright1001.html


------------------- File: ._tmp_copyright1000.html

&copy; 2021, Hans Petter Langtangen, Simula, Kaare Dump. Made with <a href="https://github.com/doconce/doconce">DocOnce</a>
------------------- File: ._tmp_copyright1002.html


------------------- File: tmp_copyright2.html

&copy; 2021, Hans Petter Langtangen, Simula, Kaare Dump. Released under CC Attribution 4.0 license. Made with <a href="https://github.com/doconce/doconce">DocOnce</a>
------------------- File: ._tmp_copyright2002.html


------------------- File: ._tmp_copyright2001.html


------------------- File: ._tmp_copyright2000.html

&copy; 2021, Hans Petter Langtangen, Simula, Kaare Dump. Released under CC Attribution 4.0 license. Made with <a href="https://github.com/doconce/doconce">DocOnce</a>
------------------- File: tmp_copyright3.html

&copy; 2021, Hans Petter Langtangen, Simula, Kaare Dump. Released under CC Attribution-NonCommercial 4.0 license. Made with <a href="https://github.com/doconce/doconce">DocOnce</a>
------------------- File: ._tmp_copyright3001.html


------------------- File: ._tmp_copyright3000.html

&copy; 2021, Hans Petter Langtangen, Simula, Kaare Dump. Released under CC Attribution-NonCommercial 4.0 license. Made with <a href="https://github.com/doconce/doconce">DocOnce</a>
------------------- File: ._tmp_copyright3002.html


------------------- File: tmp_copyright4.html

&copy; 2021, Hans Petter Langtangen, Simula, Kaare Dump. Released under the MIT license.. Made with <a href="https://github.com/doconce/doconce">DocOnce</a>
------------------- File: ._tmp_copyright4001.html


------------------- File: ._tmp_copyright4000.html

&copy; 2021, Hans Petter Langtangen, Simula, Kaare Dump. Released under the MIT license.. Made with <a href="https://github.com/doconce/doconce">DocOnce</a>
------------------- File: ._tmp_copyright4002.html

