\BOOKMARK [0][-]{chapter.1}{My first chapter}{}% 1
\BOOKMARK [1][-]{section.1.1}{A section}{chapter.1}% 2
\BOOKMARK [0][-]{chapter.2}{Basic Theory}{}% 3
