// Jest Snapshot v1, https://goo.gl/fbAQLP

exports[`Test <ParameterController/> Should match snapshot 1`] = `"<div style=\\"padding: 10px 10px 10px 10px; border-bottom: 0.5px solid black;\\"><p class=\\"MuiTypography-root MuiTypography-body1\\">selectedVar</p><div class=\\"MuiGrid-root MuiGrid-container MuiGrid-spacing-xs-2 MuiGrid-align-items-xs-center\\"><div class=\\"MuiGrid-root MuiGrid-item MuiGrid-grid-xs-7\\"><span class=\\"MuiSlider-root MuiSlider-colorPrimary\\"><span class=\\"MuiSlider-rail\\"></span><span class=\\"MuiSlider-track\\" style=\\"left: 0%; width: 50%;\\"></span><input type=\\"hidden\\" value=\\"0\\"><span class=\\"MuiSlider-thumb MuiSlider-thumbColorPrimary\\" tabindex=\\"0\\" role=\\"slider\\" style=\\"left: 50%;\\" data-index=\\"0\\" aria-labelledby=\\"input-slider\\" aria-orientation=\\"horizontal\\" aria-valuemax=\\"1\\" aria-valuemin=\\"-1\\" aria-valuenow=\\"0\\"></span></span></div><div class=\\"MuiGrid-root MuiGrid-item MuiGrid-grid-xs-3\\"><div class=\\"MuiInputBase-root MuiInput-root MuiInput-underline MuiInputBase-marginDense MuiInput-marginDense\\"><input type=\\"number\\" step=\\"0.05\\" min=\\"-1\\" max=\\"1\\" aria-labelledby=\\"input-slider\\" class=\\"MuiInputBase-input MuiInput-input MuiInputBase-inputMarginDense MuiInput-inputMarginDense\\" value=\\"0\\"></div></div><div class=\\"MuiGrid-root MuiGrid-item MuiGrid-grid-xs-2\\"><button class=\\"MuiButtonBase-root MuiIconButton-root\\" tabindex=\\"0\\" type=\\"button\\" aria-label=\\"delete\\"><span class=\\"MuiIconButton-label\\"><svg class=\\"MuiSvgIcon-root MuiSvgIcon-fontSizeSmall\\" focusable=\\"false\\" viewBox=\\"0 0 24 24\\" aria-hidden=\\"true\\"><path d=\\"M6 19c0 1.1.9 2 2 2h8c1.1 0 2-.9 2-2V7H6v12zM19 4h-3.5l-1-1h-5l-1 1H5v2h14V4z\\"></path></svg></span><span class=\\"MuiTouchRipple-root\\"></span></button></div></div></div>"`;
