// Jest Snapshot v1, https://goo.gl/fbAQLP

exports[`Test <SystemCreatorDialog/> Should render correctly default table 1`] = `"<tr class=\\"MuiTableRow-root MuiTableRow-head\\"><th class=\\"MuiTableCell-root MuiTableCell-head MTableHeader-header-27 MuiTableCell-paddingCheckbox\\" scope=\\"col\\" style=\\"background-color: rgb(63, 81, 181); color: rgb(255, 255, 255); padding-left: 20px; width: 96px; text-align: center; box-sizing: border-box;\\"><span class=\\"MuiButtonBase-root MuiTableSortLabel-root Mui-disabled\\" tabindex=\\"-1\\" role=\\"button\\" aria-disabled=\\"true\\">Actions</span></th><th class=\\"MuiTableCell-root MuiTableCell-head MTableHeader-header-27 MuiTableCell-alignLeft\\" scope=\\"col\\" style=\\"background-color: rgb(63, 81, 181); color: rgb(255, 255, 255); padding-left: 20px; box-sizing: border-box;\\"><span class=\\"MuiButtonBase-root MuiTableSortLabel-root\\" tabindex=\\"0\\" role=\\"button\\" aria-disabled=\\"false\\"><div data-rbd-draggable-context-id=\\"1\\" data-rbd-draggable-id=\\"0\\" tabindex=\\"0\\" role=\\"button\\" aria-describedby=\\"rbd-hidden-text-1-hidden-text-5\\" data-rbd-drag-handle-draggable-id=\\"0\\" data-rbd-drag-handle-context-id=\\"1\\" draggable=\\"false\\">Port name</div><svg class=\\"MuiSvgIcon-root MuiTableSortLabel-icon MuiTableSortLabel-iconDirectionAsc\\" focusable=\\"false\\" viewBox=\\"0 0 24 24\\" aria-hidden=\\"true\\"><path d=\\"M20 12l-1.41-1.41L13 16.17V4h-2v12.17l-5.58-5.59L4 12l8 8 8-8z\\"></path></svg></span></th><th class=\\"MuiTableCell-root MuiTableCell-head MTableHeader-header-27 MuiTableCell-alignLeft\\" scope=\\"col\\" style=\\"background-color: rgb(63, 81, 181); color: rgb(255, 255, 255); padding-left: 20px; box-sizing: border-box;\\"><span class=\\"MuiButtonBase-root MuiTableSortLabel-root\\" tabindex=\\"0\\" role=\\"button\\" aria-disabled=\\"false\\"><div data-rbd-draggable-context-id=\\"1\\" data-rbd-draggable-id=\\"1\\" tabindex=\\"0\\" role=\\"button\\" aria-describedby=\\"rbd-hidden-text-1-hidden-text-5\\" data-rbd-drag-handle-draggable-id=\\"1\\" data-rbd-drag-handle-context-id=\\"1\\" draggable=\\"false\\">Port direction</div><svg class=\\"MuiSvgIcon-root MuiTableSortLabel-icon MuiTableSortLabel-iconDirectionAsc\\" focusable=\\"false\\" viewBox=\\"0 0 24 24\\" aria-hidden=\\"true\\"><path d=\\"M20 12l-1.41-1.41L13 16.17V4h-2v12.17l-5.58-5.59L4 12l8 8 8-8z\\"></path></svg></span></th><th class=\\"MuiTableCell-root MuiTableCell-head MTableHeader-header-27 MuiTableCell-alignLeft\\" scope=\\"col\\" style=\\"background-color: rgb(63, 81, 181); color: rgb(255, 255, 255); padding-left: 20px; box-sizing: border-box;\\"><span class=\\"MuiButtonBase-root MuiTableSortLabel-root\\" tabindex=\\"0\\" role=\\"button\\" aria-disabled=\\"false\\"><div data-rbd-draggable-context-id=\\"1\\" data-rbd-draggable-id=\\"2\\" tabindex=\\"0\\" role=\\"button\\" aria-describedby=\\"rbd-hidden-text-1-hidden-text-5\\" data-rbd-drag-handle-draggable-id=\\"2\\" data-rbd-drag-handle-context-id=\\"1\\" draggable=\\"false\\">Port class</div><svg class=\\"MuiSvgIcon-root MuiTableSortLabel-icon MuiTableSortLabel-iconDirectionAsc\\" focusable=\\"false\\" viewBox=\\"0 0 24 24\\" aria-hidden=\\"true\\"><path d=\\"M20 12l-1.41-1.41L13 16.17V4h-2v12.17l-5.58-5.59L4 12l8 8 8-8z\\"></path></svg></span></th></tr>"`;
